// Jest Snapshot v1, https://goo.gl/fbAQLP

exports[`NoteDetailPage matches snapshot 1`] = `
<DocumentFragment>
  <div
    class="slide-in"
  >
    <div
      data-testid="back-button"
    >
      BackButton
    </div>
    <div
      id="multiple-pages"
    >
      <div
        class="multiple-pages1"
        style="min-width: 1024px;"
      >
        <div
          class="slide-in"
        >
          <div
            class=" note-detail-item"
            id=""
          >
            <div
              class="page-content-top1"
              id="personContainer"
            >
              <h1
                class="nameBox"
                id="personHead"
              >
                &lt;NAME NOT SET&gt;
              </h1>
            </div>
            <div
              class="detailedBox"
            />
            <br />
          </div>
        </div>
      </div>
    </div>
    <div
      data-testid="scroll-buttons"
    >
      ScrollButtons
    </div>
  </div>
</DocumentFragment>
`;
