// Jest Snapshot v1, https://goo.gl/fbAQLP

exports[`NoteItem matches snapshot 1`] = `
<DocumentFragment>
  <div>
    <div
      class="noteTagBox"
    >
      <div
        class="noteItemBox"
      >
        <div
          class="logLine"
        >
          <div
            class="noteItem white-color"
          >
            Test Data
          </div>
        </div>
        <hr />
      </div>
    </div>
  </div>
</DocumentFragment>
`;
