// Jest Snapshot v1, https://goo.gl/fbAQLP

exports[`NoteDetail matches snapshot 1`] = `
<DocumentFragment>
  <div
    class="slide-in"
  >
    <div
      class=" note-detail-item"
      id=""
    >
      <div
        class="page-content-top1"
        id="personContainer"
      >
        <h1
          class="nameBox"
          id="personHead"
        >
          main
        </h1>
      </div>
      <div
        class="detailedBox"
      />
      <br />
    </div>
  </div>
</DocumentFragment>
`;
