// Jest Snapshot v1, https://goo.gl/fbAQLP

exports[`ScrollButtons matches snapshot 1`] = `
<DocumentFragment>
  <div
    class="detail-scroll"
  >
    <button
      class="editButtons1 detailUpButton dark-hover dark-back"
    >
      <svg
        aria-hidden="true"
        class="svg-inline--fa fa-pen fa-w-16 "
        data-icon="pen"
        data-prefix="fas"
        focusable="false"
        role="img"
        viewBox="0 0 512 512"
        xmlns="http://www.w3.org/2000/svg"
      >
        <path
          d="M290.74 93.24l128.02 128.02-277.99 277.99-114.14 12.6C11.35 513.54-1.56 500.62.14 485.34l12.7-114.22 277.9-277.88zm207.2-19.06l-60.11-60.11c-18.75-18.75-49.16-18.75-67.91 0l-56.55 56.55 128.02 128.02 56.55-56.55c18.75-18.76 18.75-49.16 0-67.91z"
          fill="currentColor"
        />
      </svg>
    </button>
    <div
      class="detailUpButton dark-hover dark-back"
    >
      <svg
        aria-hidden="true"
        class="svg-inline--fa fa-arrow-up fa-w-14 fa-lg "
        data-icon="arrow-up"
        data-prefix="fas"
        focusable="false"
        role="img"
        viewBox="0 0 448 512"
        xmlns="http://www.w3.org/2000/svg"
      >
        <path
          d="M34.9 289.5l-22.2-22.2c-9.4-9.4-9.4-24.6 0-33.9L207 39c9.4-9.4 24.6-9.4 33.9 0l194.3 194.3c9.4 9.4 9.4 24.6 0 33.9L413 289.4c-9.5 9.5-25 9.3-34.3-.4L264 168.6V456c0 13.3-10.7 24-24 24h-32c-13.3 0-24-10.7-24-24V168.6L69.2 289.1c-9.3 9.8-24.8 10-34.3.4z"
          fill="currentColor"
        />
      </svg>
    </div>
    <div
      class="detailUpButton dark-hover dark-back"
    >
      <svg
        aria-hidden="true"
        class="svg-inline--fa fa-arrow-down fa-w-14 fa-lg "
        data-icon="arrow-down"
        data-prefix="fas"
        focusable="false"
        role="img"
        viewBox="0 0 448 512"
        xmlns="http://www.w3.org/2000/svg"
      >
        <path
          d="M413.1 222.5l22.2 22.2c9.4 9.4 9.4 24.6 0 33.9L241 473c-9.4 9.4-24.6 9.4-33.9 0L12.7 278.6c-9.4-9.4-9.4-24.6 0-33.9l22.2-22.2c9.5-9.5 25-9.3 34.3.4L184 343.4V56c0-13.3 10.7-24 24-24h32c13.3 0 24 10.7 24 24v287.4l114.8-120.5c9.3-9.8 24.8-10 34.3-.4z"
          fill="currentColor"
        />
      </svg>
    </div>
    <div
      class="detailAddButton dark-hover dark-back"
    >
      <svg
        aria-hidden="true"
        class="svg-inline--fa fa-plus fa-w-14 "
        data-icon="plus"
        data-prefix="fas"
        focusable="false"
        role="img"
        viewBox="0 0 448 512"
        xmlns="http://www.w3.org/2000/svg"
      >
        <path
          d="M416 208H272V64c0-17.67-14.33-32-32-32h-32c-17.67 0-32 14.33-32 32v144H32c-17.67 0-32 14.33-32 32v32c0 17.67 14.33 32 32 32h144v144c0 17.67 14.33 32 32 32h32c17.67 0 32-14.33 32-32V304h144c17.67 0 32-14.33 32-32v-32c0-17.67-14.33-32-32-32z"
          fill="currentColor"
        />
      </svg>
    </div>
  </div>
</DocumentFragment>
`;
