// Jest Snapshot v1, https://goo.gl/fbAQLP

exports[`NoteDetail component renders all details 1`] = `
<header>
  <input
    aria-label="User Name"
    defaultValue={null}
    id="userNameBox"
    onKeyUp={[Function]}
    placeholder="Add Username"
    type="text"
  />
  <br />
  <input
    aria-label="Search Name"
    id="searchBox"
    onKeyUp={[Function]}
    placeholder="Search By Name..."
    type="text"
  />
</header>
`;
